
  ___  ____  ____  ____  ____ ®
 /__    /   ____/   /   ____/      18.0
___/   /   /___/   /   /___/       MP—Parallel Edition

 Statistics and Data Science       Copyright 1985-2023 StataCorp LLC
                                   StataCorp
                                   4905 Lakeway Drive
                                   College Station, Texas 77845 USA
                                   800-STATA-PC        https://www.stata.com
                                   979-696-4600        stata@stata.com

Stata license: Unlimited-user 4-core network, expiring 13 Apr 2026
Serial number: 501809319268
  Licensed to: Ian Helfrich
               

Notes:
      1. Stata is running in batch mode.
      2. Unicode is supported; see help unicode_advice.
      3. More than 2 billion observations are allowed; see help obs_advice.
      4. Maximum number of variables is set to 5,000 but can be increased;
          see help set_maxvar.

. do "/Users/ian/gemini_playground/tutoring/STATA/code_library/06_panel_data_to
> olkit.do" 

. *****************************************************************************
> **
. * Panel Data Comprehensive Toolkit
. * Purpose: Complete workflows for analyzing panel/longitudinal data
. * Author: STATAverse
. * Last updated: 2026-01-15
. *
. * This module covers:
. * 1. Fixed Effects (FE) estimation
. * 2. Random Effects (RE) estimation
. * 3. Hybrid/Within-Between models
. * 4. Generalized Estimating Equations (GEE)
. * 5. Variance decomposition
. * 6. Dynamic panel data (Arellano-Bond)
. * 7. Diagnostic workflows
. *
. * Based on: Certo et al. (2017, SMJ), Allison (2009), McNeish & Kelley (2019)
. *****************************************************************************
> **
. 
. clear all

. set more off

. set seed 20260115

. 
. display _n(3) "{txt}═════════════════════════════════════════════════════════
> ════════"



═════════════════════════════════════════════════════════════════

. display "{txt}            PANEL DATA COMPREHENSIVE TOOLKIT"
            PANEL DATA COMPREHENSIVE TOOLKIT

. display "{txt}═══════════════════════════════════════════════════════════════
> ══"
═════════════════════════════════════════════════════════════════

. display "{txt}Master class in analyzing panel/longitudinal data with Stata"
Master class in analyzing panel/longitudinal data with Stata

. display "{txt}═══════════════════════════════════════════════════════════════
> ══"
═════════════════════════════════════════════════════════════════

. 
. *****************************************************************************
> **
. * PART 1: Generate Realistic Panel Data
. *****************************************************************************
> **
. 
. display _n(2) "{txt}PART 1: Generating Realistic Panel Data"


PART 1: Generating Realistic Panel Data

. display "{txt}───────────────────────────────────────────────────────────────
> ──"
─────────────────────────────────────────────────────────────────

. 
. * Create balanced panel: 200 firms × 10 years
. set obs 200
Number of observations (_N) was 0, now 200.

. generate firm_id = _n

. expand 10
(1,800 observations created)

. bysort firm_id: generate year = 2010 + _n - 1

. 
. * Declare panel structure
. xtset firm_id year

Panel variable: firm_id (strongly balanced)
 Time variable: year, 2010 to 2019
         Delta: 1 unit

. 
. display _n "{txt}Panel structure:"

Panel structure:

. display "{txt}  • 200 firms"
  • 200 firms

. display "{txt}  • 10 years (2010-2019)"
  • 10 years (2010-2019)

. display "{txt}  • Balanced panel (2,000 total observations)"
  • Balanced panel (2,000 total observations)

. 
. * Generate firm-specific unobserved heterogeneity (time-invariant)
. bysort firm_id: generate firm_quality = rnormal(50, 15) if _n == 1
(1,800 missing values generated)

. bysort firm_id: replace firm_quality = firm_quality[1]
(1800 real changes made)

. label variable firm_quality "Firm quality (unobserved)"

. 
. * Generate time-varying predictors
. generate experience = year - 2010  // Grows with time

. generate competition = runiform(1, 10) + 0.3*year  // Trend

. generate innovation = rbinomial(1, 0.3)  // Binary shock

. 
. * Add random variation
. generate temp_shock = rnormal(0, 5)

. 
. * Generate outcome with both firm FE and time-varying effects
. * TRUE MODEL: performance = firm_quality + 2*experience + 3*competition + 8*i
> nnovation + error
. generate performance = firm_quality + 2*experience + 3*competition + ///
>                        8*innovation + temp_shock

. label variable performance "Firm performance"

. 
. display _n "{txt}TRUE data generating process:"

TRUE data generating process:

. display "{txt}  performance = firm_quality + 2*experience + 3*competition"
  performance = firm_quality + 2*experience + 3*competition

. display "{txt}                + 8*innovation + error"
                + 8*innovation + error

. display "{txt}  Note: firm_quality is unobserved and time-invariant"
  Note: firm_quality is unobserved and time-invariant

. 
. *****************************************************************************
> **
. * PART 2: Pooled OLS (WRONG - but instructive)
. *****************************************************************************
> **
. 
. display _n(3) "{txt}═════════════════════════════════════════════════════════
> ══════"



═══════════════════════════════════════════════════════════════

. display "{txt}  METHOD 1: Pooled OLS (ignores panel structure)"
  METHOD 1: Pooled OLS (ignores panel structure)

. display "{txt}═══════════════════════════════════════════════════════════════
> "
═══════════════════════════════════════════════════════════════

. 
. regress performance experience competition innovation, vce(robust)

Linear regression                               Number of obs     =      2,000
                                                F(3, 1996)        =     334.42
                                                Prob > F          =     0.0000
                                                R-squared         =     0.3493
                                                Root MSE          =      16.54

------------------------------------------------------------------------------
             |               Robust
 performance | Coefficient  std. err.      t    P>|t|     [95% conf. interval]
-------------+----------------------------------------------------------------
  experience |   2.010551   .1331447    15.10   0.000     1.749434    2.271668
 competition |   3.138136   .1418568    22.12   0.000     2.859933    3.416339
  innovation |   7.609854   .7998312     9.51   0.000     6.041263    9.178446
       _cons |  -35.03326   86.37669    -0.41   0.685    -204.4312    134.3647
------------------------------------------------------------------------------

. 
. display _n "{err}⚠ PROBLEM: Pooled OLS is BIASED"

⚠ PROBLEM: Pooled OLS is BIASED

. display "{txt}  Why? Firm-specific quality (unobserved) is correlated with"
  Why? Firm-specific quality (unobserved) is correlated with

. display "{txt}  predictors. We're violating the exogeneity assumption!"
  predictors. We're violating the exogeneity assumption!

. 
. * Store estimates
. estimates store pooled_ols

. 
. display _n "{txt}Note: These estimates mix two things:"

Note: These estimates mix two things:

. display "{txt}  1. Within-firm changes over time"
  1. Within-firm changes over time

. display "{txt}  2. Between-firm differences"
  2. Between-firm differences

. display "{txt}  → Usually we want to separate these!"
  → Usually we want to separate these!

. 
. *****************************************************************************
> **
. * PART 3: Fixed Effects (FE) Estimation
. *****************************************************************************
> **
. 
. display _n(3) "{txt}═════════════════════════════════════════════════════════
> ══════"



═══════════════════════════════════════════════════════════════

. display "{txt}  METHOD 2: Fixed Effects (within estimator)"
  METHOD 2: Fixed Effects (within estimator)

. display "{txt}═══════════════════════════════════════════════════════════════
> "
═══════════════════════════════════════════════════════════════

. 
. display _n "{txt}What FE does:"

What FE does:

. display "{txt}  • Removes time-invariant firm characteristics"
  • Removes time-invariant firm characteristics

. display "{txt}  • Estimates effect of X changes WITHIN firms over time"
  • Estimates effect of X changes WITHIN firms over time

. display "{txt}  • Robust to omitted variable bias from stable factors"
  • Robust to omitted variable bias from stable factors

. 
. xtreg performance experience competition innovation, fe vce(cluster firm_id)

Fixed-effects (within) regression               Number of obs     =      2,000
Group variable: firm_id                         Number of groups  =        200

R-squared:                                      Obs per group:
     Within  = 0.8563                                         min =         10
     Between = 0.0425                                         avg =       10.0
     Overall = 0.3491                                         max =         10

                                                F(3, 199)         =    3721.72
corr(u_i, Xb) = 0.0077                          Prob > F          =     0.0000

                              (Std. err. adjusted for 200 clusters in firm_id)
------------------------------------------------------------------------------
             |               Robust
 performance | Coefficient  std. err.      t    P>|t|     [95% conf. interval]
-------------+----------------------------------------------------------------
  experience |   2.042934   .0434416    47.03   0.000     1.957269    2.128599
 competition |   3.030374   .0461541    65.66   0.000      2.93936    3.121388
  innovation |   8.027656   .2743564    29.26   0.000     7.486637    8.568675
       _cons |   30.41478   28.07409     1.08   0.280    -24.94611    85.77566
-------------+----------------------------------------------------------------
     sigma_u |  15.863032
     sigma_e |  5.0324473
         rho |  .90855934   (fraction of variance due to u_i)
------------------------------------------------------------------------------

. 
. display _n "{txt}✓ Fixed effects estimate:"

✓ Fixed effects estimate:

. local beta_exp_fe = _b[experience]

. display "{txt}  Effect of experience: " %5.3f `beta_exp_fe' " (true = 2.0)"
  Effect of experience: 2.043 (true = 2.0)

. local beta_comp_fe = _b[competition]

. display "{txt}  Effect of competition: " %5.3f `beta_comp_fe' " (true = 3.0)"
  Effect of competition: 3.030 (true = 3.0)

. local beta_innov_fe = _b[innovation]

. display "{txt}  Effect of innovation: " %5.3f `beta_innov_fe' " (true = 8.0)"
  Effect of innovation: 8.028 (true = 8.0)

. 
. * Store estimates
. estimates store fe_model

. 
. display _n "{txt}Key output to report:"

Key output to report:

. display "{txt}  □ Within R-squared (NOT overall R-squared)"
  □ Within R-squared (NOT overall R-squared)

. display "{txt}  □ Number of groups (firms)"
  □ Number of groups (firms)

. display "{txt}  □ Observations per group (time periods)"
  □ Observations per group (time periods)

. display "{txt}  □ Clustered standard errors by firm"
  □ Clustered standard errors by firm

. 
. display _n "{txt}Important notes:"

Important notes:

. display "{txt}  ✓ FE removes firm_quality automatically"
  ✓ FE removes firm_quality automatically

. display "{txt}  ✓ Cannot estimate effect of time-invariant variables"
  ✓ Cannot estimate effect of time-invariant variables

. display "{txt}  ⚠ Requires sufficient within-firm variation in X"
  ⚠ Requires sufficient within-firm variation in X

. 
. *****************************************************************************
> **
. * PART 4: Random Effects (RE) Estimation
. *****************************************************************************
> **
. 
. display _n(3) "{txt}═════════════════════════════════════════════════════════
> ══════"



═══════════════════════════════════════════════════════════════

. display "{txt}  METHOD 3: Random Effects (GLS estimator)"
  METHOD 3: Random Effects (GLS estimator)

. display "{txt}═══════════════════════════════════════════════════════════════
> "
═══════════════════════════════════════════════════════════════

. 
. display _n "{txt}What RE does:"

What RE does:

. display "{txt}  • Models firm-specific effects as random draws"
  • Models firm-specific effects as random draws

. display "{txt}  • Uses both within and between variation"
  • Uses both within and between variation

. display "{txt}  • More efficient than FE (if assumptions hold)"
  • More efficient than FE (if assumptions hold)

. 
. xtreg performance experience competition innovation, re vce(cluster firm_id)

Random-effects GLS regression                   Number of obs     =      2,000
Group variable: firm_id                         Number of groups  =        200

R-squared:                                      Obs per group:
     Within  = 0.8563                                         min =         10
     Between = 0.0425                                         avg =       10.0
     Overall = 0.3491                                         max =         10

                                                Wald chi2(3)      =   11178.74
corr(u_i, X) = 0 (assumed)                      Prob > chi2       =     0.0000

                              (Std. err. adjusted for 200 clusters in firm_id)
------------------------------------------------------------------------------
             |               Robust
 performance | Coefficient  std. err.      z    P>|z|     [95% conf. interval]
-------------+----------------------------------------------------------------
  experience |   2.042577   .0433916    47.07   0.000     1.957531    2.127623
 competition |   3.031563   .0460785    65.79   0.000     2.941251    3.121875
  innovation |   8.023014   .2738641    29.30   0.000     7.486251    8.559778
       _cons |   29.69249   28.16103     1.05   0.292    -25.50211    84.88709
-------------+----------------------------------------------------------------
     sigma_u |   15.82519
     sigma_e |  5.0324473
         rho |  .90816171   (fraction of variance due to u_i)
------------------------------------------------------------------------------

. 
. display _n "{txt}Random effects estimate:"

Random effects estimate:

. local beta_exp_re = _b[experience]

. display "{txt}  Effect of experience: " %5.3f `beta_exp_re'
  Effect of experience: 2.043

. local beta_comp_re = _b[competition]

. display "{txt}  Effect of competition: " %5.3f `beta_comp_re'
  Effect of competition: 3.032

. 
. * Store estimates
. estimates store re_model

. 
. display _n "{txt}Key assumption:"

Key assumption:

. display "{txt}  RE assumes firm effects are UNCORRELATED with predictors"
  RE assumes firm effects are UNCORRELATED with predictors

. display "{txt}  If this fails → RE is inconsistent, use FE"
  If this fails → RE is inconsistent, use FE

. 
. *****************************************************************************
> **
. * PART 5: Hausman Test (FE vs RE)
. *****************************************************************************
> **
. 
. display _n(3) "{txt}═════════════════════════════════════════════════════════
> ══════"



═══════════════════════════════════════════════════════════════

. display "{txt}  DECISION: Fixed Effects vs Random Effects"
  DECISION: Fixed Effects vs Random Effects

. display "{txt}═══════════════════════════════════════════════════════════════
> "
═══════════════════════════════════════════════════════════════

. 
. display _n "{txt}Hausman test logic:"

Hausman test logic:

. display "{txt}  H0: RE is consistent (firm effects uncorrelated with X)"
  H0: RE is consistent (firm effects uncorrelated with X)

. display "{txt}  HA: RE is inconsistent (correlation exists) → use FE"
  HA: RE is inconsistent (correlation exists) → use FE

. 
. hausman fe_model re_model, sigmamore
hausman cannot be used with vce(robust), vce(cluster cvar), or p-weighted data
r(198);

end of do-file
r(198);
